[    0.000000] Initializing cgroup subsys cpuset
[    0.000000] Initializing cgroup subsys cpu
[    0.000000] Initializing cgroup subsys cpuacct
[    0.000000] Linux version 4.4.0-210-generic (buildd@lgw01-amd64-009) (gcc version 5.4.0 20160609 (Ubuntu 5.4.0-6ubuntu1~16.04.12) ) #242-Ubuntu SMP Fri Apr 16 09:57:56 UTC 2021 (Ubuntu 4.4.0-210.242-generic 4.4.262)
[    0.000000] Command line: BOOT_IMAGE=/boot/vmlinuz-4.4.0-210-generic root=UUID=ce38f626-b02a-496e-9acf-8cacdd6a07eb ro console=tty1 console=ttyS0
[    0.000000] KERNEL supported cpus:
[    0.000000]   Intel GenuineIntel
[    0.000000]   AMD AuthenticAMD
[    0.000000]   Centaur CentaurHauls
[    0.000000] x86/fpu: xstate_offset[2]:  576, xstate_sizes[2]:  256
[    0.000000] x86/fpu: Supporting XSAVE feature 0x01: 'x87 floating point registers'
[    0.000000] x86/fpu: Supporting XSAVE feature 0x02: 'SSE registers'
[    0.000000] x86/fpu: Supporting XSAVE feature 0x04: 'AVX registers'
[    0.000000] x86/fpu: Enabled xstate features 0x7, context size is 832 bytes, using 'standard' format.
[    0.000000] e820: BIOS-provided physical RAM map:
[    0.000000] BIOS-e820: [mem 0x0000000000000000-0x000000000009fbff] usable
[    0.000000] BIOS-e820: [mem 0x000000000009fc00-0x000000000009ffff] reserved
[    0.000000] BIOS-e820: [mem 0x00000000000f0000-0x00000000000fffff] reserved
[    0.000000] BIOS-e820: [mem 0x0000000000100000-0x000000003ffeffff] usable
[    0.000000] BIOS-e820: [mem 0x000000003fff0000-0x000000003fffffff] ACPI data
[    0.000000] BIOS-e820: [mem 0x00000000fec00000-0x00000000fec00fff] reserved
[    0.000000] BIOS-e820: [mem 0x00000000fee00000-0x00000000fee00fff] reserved
[    0.000000] BIOS-e820: [mem 0x00000000fffc0000-0x00000000ffffffff] reserved
[    0.000000] NX (Execute Disable) protection: active
[    0.000000] SMBIOS 2.5 present.
[    0.000000] Hypervisor detected: KVM
[    0.000000] e820: last_pfn = 0x3fff0 max_arch_pfn = 0x400000000
[    0.000000] MTRR: Disabled
[    0.000000] x86/PAT: MTRRs disabled, skipping PAT initialization too.
[    0.000000] CPU MTRRs all blank - virtualized system.
[    0.000000] x86/PAT: Configuration [0-7]: WB  WT  UC- UC  WB  WT  UC- UC  
[    0.000000] found SMP MP-table at [mem 0x0009fff0-0x0009ffff] mapped at [ffff88000009fff0]
[    0.000000] Scanning 1 areas for low memory corruption
[    0.000000] RAMDISK: [mem 0x362de000-0x37166fff]
[    0.000000] ACPI: Early table checksum verification disabled
[    0.000000] ACPI: RSDP 0x00000000000E0000 000024 (v02 VBOX  )
[    0.000000] ACPI: XSDT 0x000000003FFF0030 00003C (v01 VBOX   VBOXXSDT 00000001 ASL  00000061)
[    0.000000] ACPI: FACP 0x000000003FFF00F0 0000F4 (v04 VBOX   VBOXFACP 00000001 ASL  00000061)
[    0.000000] ACPI: DSDT 0x000000003FFF0470 002325 (v02 VBOX   VBOXBIOS 00000002 INTL 20100528)
[    0.000000] ACPI: FACS 0x000000003FFF0200 000040
[    0.000000] ACPI: FACS 0x000000003FFF0200 000040
[    0.000000] ACPI: APIC 0x000000003FFF0240 00005C (v02 VBOX   VBOXAPIC 00000001 ASL  00000061)
[    0.000000] ACPI: SSDT 0x000000003FFF02A0 0001CC (v01 VBOX   VBOXCPUT 00000002 INTL 20100528)
[    0.000000] No NUMA configuration found
[    0.000000] Faking a node at [mem 0x0000000000000000-0x000000003ffeffff]
[    0.000000] NODE_DATA(0) allocated [mem 0x3ffeb000-0x3ffeffff]
[    0.000000] kvm-clock: Using msrs 4b564d01 and 4b564d00
[    0.000000] kvm-clock: cpu 0, msr 0:3ffe3001, primary cpu clock
[    0.000000] kvm-clock: using sched offset of 4538185218 cycles
[    0.000000] clocksource: kvm-clock: mask: 0xffffffffffffffff max_cycles: 0x1cd42e4dffb, max_idle_ns: 881590591483 ns
[    0.000000] Zone ranges:
[    0.000000]   DMA      [mem 0x0000000000001000-0x0000000000ffffff]
[    0.000000]   DMA32    [mem 0x0000000001000000-0x000000003ffeffff]
[    0.000000]   Normal   empty
[    0.000000]   Device   empty
[    0.000000] Movable zone start for each node
[    0.000000] Early memory node ranges
[    0.000000]   node   0: [mem 0x0000000000001000-0x000000000009efff]
[    0.000000]   node   0: [mem 0x0000000000100000-0x000000003ffeffff]
[    0.000000] Initmem setup node 0 [mem 0x0000000000001000-0x000000003ffeffff]
[    0.000000] ACPI: PM-Timer IO Port: 0x4008
[    0.000000] IOAPIC[0]: apic_id 2, version 32, address 0xfec00000, GSI 0-23
[    0.000000] ACPI: INT_SRC_OVR (bus 0 bus_irq 0 global_irq 2 dfl dfl)
[    0.000000] ACPI: INT_SRC_OVR (bus 0 bus_irq 9 global_irq 9 low level)
[    0.000000] Using ACPI (MADT) for SMP configuration information
[    0.000000] smpboot: Allowing 2 CPUs, 0 hotplug CPUs
[    0.000000] PM: Registered nosave memory: [mem 0x00000000-0x00000fff]
[    0.000000] PM: Registered nosave memory: [mem 0x0009f000-0x0009ffff]
[    0.000000] PM: Registered nosave memory: [mem 0x000a0000-0x000effff]
[    0.000000] PM: Registered nosave memory: [mem 0x000f0000-0x000fffff]
[    0.000000] e820: [mem 0x40000000-0xfebfffff] available for PCI devices
[    0.000000] Booting paravirtualized kernel on KVM
[    0.000000] clocksource: refined-jiffies: mask: 0xffffffff max_cycles: 0xffffffff, max_idle_ns: 7645519600211568 ns
[    0.000000] setup_percpu: NR_CPUS:512 nr_cpumask_bits:512 nr_cpu_ids:2 nr_node_ids:1
[    0.000000] PERCPU: Embedded 33 pages/cpu @ffff88003fc00000 s95192 r8192 d31784 u1048576
[    0.000000] Built 1 zonelists in Node order, mobility grouping on.  Total pages: 257912
[    0.000000] Policy zone: DMA32
[    0.000000] Kernel command line: BOOT_IMAGE=/boot/vmlinuz-4.4.0-210-generic root=UUID=ce38f626-b02a-496e-9acf-8cacdd6a07eb ro console=tty1 console=ttyS0
[    0.000000] PID hash table entries: 4096 (order: 3, 32768 bytes)
[    0.000000] Memory: 997796K/1048120K available (8644K kernel code, 1332K rwdata, 4044K rodata, 1492K init, 1164K bss, 50324K reserved, 0K cma-reserved)
[    0.000000] SLUB: HWalign=64, Order=0-3, MinObjects=0, CPUs=2, Nodes=1
[    0.000000] Kernel/User page tables isolation: enabled
[    0.000000] Hierarchical RCU implementation.
[    0.000000] 	Build-time adjustment of leaf fanout to 64.
[    0.000000] 	RCU restricting CPUs from NR_CPUS=512 to nr_cpu_ids=2.
[    0.000000] RCU: Adjusting geometry for rcu_fanout_leaf=64, nr_cpu_ids=2
[    0.000000] NR_IRQS:33024 nr_irqs:440 16
[    0.000000] Console: colour VGA+ 80x25
[    0.000000] console [tty1] enabled
[    0.000000] console [ttyS0] enabled
[    0.000000] tsc: Detected 2294.690 MHz processor
[    0.467646] Calibrating delay loop (skipped) preset value.. 4589.38 BogoMIPS (lpj=9178760)
[    0.472890] pid_max: default: 32768 minimum: 301
[    0.475993] ACPI: Core revision 20150930
[    0.482872] ACPI: 2 ACPI AML tables successfully acquired and loaded
[    0.486117] Security Framework initialized
[    0.489420] Yama: becoming mindful.
[    0.491869] AppArmor: AppArmor initialized
[    0.494298] Dentry cache hash table entries: 131072 (order: 8, 1048576 bytes)
[    0.507521] Inode-cache hash table entries: 65536 (order: 7, 524288 bytes)
[    0.511672] Mount-cache hash table entries: 2048 (order: 2, 16384 bytes)
[    0.514610] Mountpoint-cache hash table entries: 2048 (order: 2, 16384 bytes)
[    0.518077] Initializing cgroup subsys io
[    0.520086] Initializing cgroup subsys memory
[    0.523593] Initializing cgroup subsys devices
[    0.525735] Initializing cgroup subsys freezer
[    0.527966] Initializing cgroup subsys net_cls
[    0.530210] Initializing cgroup subsys perf_event
[    0.532504] Initializing cgroup subsys net_prio
[    0.534790] Initializing cgroup subsys hugetlb
[    0.536949] Initializing cgroup subsys pids
[    0.541723] mce: CPU supports 0 MCE banks
[    0.543847] Last level iTLB entries: 4KB 64, 2MB 8, 4MB 8
[    0.546317] Last level dTLB entries: 4KB 64, 2MB 0, 4MB 0, 1GB 4
[    0.548966] Spectre V1 : Mitigation: usercopy/swapgs barriers and __user pointer sanitization
[    0.553142] Spectre V2 : Mitigation: Full generic retpoline
[    0.556724] Spectre V2 : Spectre v2 / SpectreRSB mitigation: Filling RSB on context switch
[    0.560962] Speculative Store Bypass: Vulnerable
[    0.567242] SRBDS: Unknown: Dependent on hypervisor status
[    0.570030] MDS: Mitigation: Clear CPU buffers
[    0.580936] Freeing SMP alternatives memory: 36K
[    0.598273] ftrace: allocating 32380 entries in 127 pages
[    0.746188] smpboot: APIC(0) Converting physical 0 to logical package 0
[    0.749115] smpboot: Max logical packages: 1
[    0.752095] x2apic enabled
[    0.754795] Switched APIC routing to physical x2apic.
[    0.760840] ..TIMER: vector=0x30 apic1=0 pin1=2 apic2=-1 pin2=-1
[    0.871850] smpboot: CPU0: Intel(R) Core(TM) i5-5300U CPU @ 2.30GHz (family: 0x6, model: 0x3d, stepping: 0x4)
[    0.878465] Performance Events: unsupported p6 CPU model 61 no PMU driver, software events only.
[    0.905151] KVM setup paravirtual spinlock
[    0.909894] x86: Booting SMP configuration:
[    0.912156] .... node  #0, CPUs:      #1
[    0.914711] kvm-clock: cpu 1, msr 0:3ffe3041, secondary cpu clock
[    0.918339] mce: CPU supports 0 MCE banks
[    0.922973] x86: Booted up 1 node, 2 CPUs
[    0.927253] smpboot: Total of 2 processors activated (9178.76 BogoMIPS)
[    0.932104] devtmpfs: initialized
[    0.952507] evm: security.selinux
[    0.955025] evm: security.SMACK64
[    0.958104] evm: security.SMACK64EXEC
[    0.960490] evm: security.SMACK64TRANSMUTE
[    0.962539] evm: security.SMACK64MMAP
[    0.964574] evm: security.ima
[    0.966292] evm: security.capability
[    0.969207] clocksource: jiffies: mask: 0xffffffff max_cycles: 0xffffffff, max_idle_ns: 7645041785100000 ns
[    0.975417] futex hash table entries: 512 (order: 3, 32768 bytes)
[    0.978266] pinctrl core: initialized pinctrl subsystem
[    0.980926] RTC time:  1:35:04, date: 09/03/21
[    0.983408] NET: Registered protocol family 16
[    0.995192] cpuidle: using governor ladder
[    1.007155] cpuidle: using governor menu
[    1.009715] PCCT header not found.
[    1.011815] ACPI: bus type PCI registered
[    1.013826] acpiphp: ACPI Hot Plug PCI Controller Driver version: 0.5
[    1.016899] PCI: Using configuration type 1 for base access
[    1.031298] ACPI: Added _OSI(Module Device)
[    1.033447] ACPI: Added _OSI(Processor Device)
[    1.035631] ACPI: Added _OSI(3.0 _SCP Extensions)
[    1.038085] ACPI: Added _OSI(Processor Aggregator Device)
[    1.042751] ACPI: Executed 1 blocks of module-level executable AML code
[    1.053237] ACPI: Interpreter enabled
[    1.055546] ACPI: (supports S0 S5)
[    1.057414] ACPI: Using IOAPIC for interrupt routing
[    1.060346] PCI: Using host bridge windows from ACPI; if necessary, use "pci=nocrs" and report a bug
[    1.076099] ACPI: PCI Root Bridge [PCI0] (domain 0000 [bus 00-ff])
[    1.078916] acpi PNP0A03:00: _OSC: OS supports [ASPM ClockPM Segments MSI]
[    1.082840] acpi PNP0A03:00: _OSC: not requesting OS control; OS requires [ExtendedConfig ASPM ClockPM MSI]
[    1.087384] acpi PNP0A03:00: fail to add MMCONFIG information, can't access extended PCI configuration space under this bridge.
[    1.093222] PCI host bridge to bus 0000:00
[    1.095333] pci_bus 0000:00: root bus resource [io  0x0000-0x0cf7 window]
[    1.098404] pci_bus 0000:00: root bus resource [io  0x0d00-0xffff window]
[    1.101319] pci_bus 0000:00: root bus resource [mem 0x000a0000-0x000bffff window]
[    1.105194] pci_bus 0000:00: root bus resource [mem 0x40000000-0xfdffffff window]
[    1.109064] pci_bus 0000:00: root bus resource [bus 00-ff]
[    1.115306] pci 0000:00:01.1: legacy IDE quirk: reg 0x10: [io  0x01f0-0x01f7]
[    1.118297] pci 0000:00:01.1: legacy IDE quirk: reg 0x14: [io  0x03f6]
[    1.121172] pci 0000:00:01.1: legacy IDE quirk: reg 0x18: [io  0x0170-0x0177]
[    1.155525] pci 0000:00:01.1: legacy IDE quirk: reg 0x1c: [io  0x0376]
[    1.180739] pci 0000:00:07.0: quirk: [io  0x4000-0x403f] claimed by PIIX4 ACPI
[    1.184594] pci 0000:00:07.0: quirk: [io  0x4100-0x410f] claimed by PIIX4 SMB
[    1.198369] ACPI: PCI Interrupt Link [LNKA] (IRQs 5 9 10 *11)
[    1.202429] ACPI: PCI Interrupt Link [LNKB] (IRQs 5 9 *10 11)
[    1.206383] ACPI: PCI Interrupt Link [LNKC] (IRQs 5 *9 10 11)
[    1.210190] ACPI: PCI Interrupt Link [LNKD] (IRQs 5 9 10 *11)
[    1.214012] ACPI: Enabled 2 GPEs in block 00 to 07
[    1.216933] vgaarb: setting as boot device: PCI:0000:00:02.0
[    1.219551] vgaarb: device added: PCI:0000:00:02.0,decodes=io+mem,owns=io+mem,locks=none
[    1.223702] vgaarb: loaded
[    1.225315] vgaarb: bridge control possible 0000:00:02.0
[    1.228323] SCSI subsystem initialized
[    1.230569] ACPI: bus type USB registered
[    1.232618] usbcore: registered new interface driver usbfs
[    1.235195] usbcore: registered new interface driver hub
[    1.237681] usbcore: registered new device driver usb
[    1.250448] PCI: Using ACPI for IRQ routing
[    1.253092] NetLabel: Initializing
[    1.255259] NetLabel:  domain hash size = 128
[    1.257619] NetLabel:  protocols = UNLABELED CIPSOv4
[    1.260218] NetLabel:  unlabeled traffic allowed by default
[    1.264051] amd_nb: Cannot enumerate AMD northbridges
[    1.266588] clocksource: Switched to clocksource kvm-clock
[    1.307333] AppArmor: AppArmor Filesystem Enabled
[    1.310374] pnp: PnP ACPI init
[    1.314743] pnp: PnP ACPI: found 3 devices
[    1.327004] clocksource: acpi_pm: mask: 0xffffff max_cycles: 0xffffff, max_idle_ns: 2085701024 ns
[    1.333564] NET: Registered protocol family 2
[    1.337651] TCP established hash table entries: 8192 (order: 4, 65536 bytes)
[    1.343339] TCP bind hash table entries: 8192 (order: 5, 131072 bytes)
[    1.347521] TCP: Hash tables configured (established 8192 bind 8192)
[    1.352996] UDP hash table entries: 512 (order: 2, 16384 bytes)
[    1.359798] UDP-Lite hash table entries: 512 (order: 2, 16384 bytes)
[    1.363731] NET: Registered protocol family 1
[    1.366967] pci 0000:00:00.0: Limiting direct PCI/PCI transfers
[    1.370669] pci 0000:00:01.0: Activating ISA DMA hang workarounds
[    1.375403] Unpacking initramfs...
[    2.283737] Freeing initrd memory: 14884K
[    2.300066] RAPL PMU detected, API unit is 2^-32 Joules, 4 fixed counters 10737418240 ms ovfl timer
[    2.310807] hw unit of domain pp0-core 2^-0 Joules
[    2.314515] hw unit of domain package 2^-0 Joules
[    2.317758] hw unit of domain dram 2^-0 Joules
[    2.321776] hw unit of domain pp1-gpu 2^-0 Joules
[    2.327394] clocksource: tsc: mask: 0xffffffffffffffff max_cycles: 0x21139d127d2, max_idle_ns: 440795239963 ns
[    2.334362] platform rtc_cmos: registered platform RTC device (no PNP device found)
[    2.340629] Scanning for low memory corruption every 60 seconds
[    2.346508] audit: initializing netlink subsys (disabled)
[    2.351603] audit: type=2000 audit(1630632911.947:1): initialized
[    2.364228] Initialise system trusted keyring
[    2.368491] HugeTLB registered 2 MB page size, pre-allocated 0 pages
[    2.379519] zbud: loaded
[    2.382142] VFS: Disk quotas dquot_6.6.0
[    2.385123] VFS: Dquot-cache hash table entries: 512 (order 0, 4096 bytes)
[    2.390747] squashfs: version 4.0 (2009/01/31) Phillip Lougher
[    2.395027] fuse init (API version 7.23)
[    2.398088] Key type big_key registered
[    2.400811] Allocating IMA MOK and blacklist keyrings.
[    2.406042] Key type asymmetric registered
[    2.409204] Asymmetric key parser 'x509' registered
[    2.412829] Block layer SCSI generic (bsg) driver version 0.4 loaded (major 249)
[    2.429315] io scheduler noop registered
[    2.434125] io scheduler deadline registered (default)
[    2.437408] io scheduler cfq registered
[    2.440439] pci_hotplug: PCI Hot Plug PCI Core version: 0.5
[    2.445118] pciehp: PCI Express Hot Plug Controller Driver version: 0.4
[    2.453516] ACPI: AC Adapter [AC] (on-line)
[    2.456658] input: Power Button as /devices/LNXSYSTM:00/LNXPWRBN:00/input/input0
[    2.463321] ACPI: Power Button [PWRF]
[    2.466430] input: Sleep Button as /devices/LNXSYSTM:00/LNXSLPBN:00/input/input1
[    2.471548] ACPI: Sleep Button [SLPF]
[    2.474704] GHES: HEST is not enabled!
[    2.476982] ACPI: Battery Slot [BAT0] (battery present)
[    2.480831] Serial: 8250/16550 driver, 32 ports, IRQ sharing enabled
[    2.508812] 00:02: ttyS0 at I/O 0x3f8 (irq = 4, base_baud = 115200) is a 16550A
[    2.521524] Linux agpgart interface v0.103
[    2.532023] loop: module loaded
[    2.537236] scsi host0: ata_piix
[    2.540727] scsi host1: ata_piix
[    2.543382] ata1: PATA max UDMA/33 cmd 0x1f0 ctl 0x3f6 bmdma 0xd000 irq 14
[    2.548017] ata2: PATA max UDMA/33 cmd 0x170 ctl 0x376 bmdma 0xd008 irq 15
[    2.555303] libphy: Fixed MDIO Bus: probed
[    2.559326] tun: Universal TUN/TAP device driver, 1.6
[    2.562623] tun: (C) 1999-2004 Max Krasnyansky <maxk@qualcomm.com>
[    2.566561] PPP generic driver version 2.4.2
[    2.569646] ehci_hcd: USB 2.0 'Enhanced' Host Controller (EHCI) Driver
[    2.575089] ehci-pci: EHCI PCI platform driver
[    2.578122] ehci-platform: EHCI generic platform driver
[    2.581468] ohci_hcd: USB 1.1 'Open' Host Controller (OHCI) Driver
[    2.585779] ohci-pci: OHCI PCI platform driver
[    2.589648] ohci-platform: OHCI generic platform driver
[    2.593591] uhci_hcd: USB Universal Host Controller Interface driver
[    2.598275] i8042: PNP: PS/2 Controller [PNP0303:PS2K,PNP0f03:PS2M] at 0x60,0x64 irq 1,12
[    2.605672] serio: i8042 KBD port at 0x60,0x64 irq 1
[    2.609273] serio: i8042 AUX port at 0x60,0x64 irq 12
[    2.613300] mousedev: PS/2 mouse device common for all mice
[    2.620527] rtc_cmos rtc_cmos: rtc core: registered rtc_cmos as rtc0
[    2.624691] input: AT Translated Set 2 keyboard as /devices/platform/i8042/serio0/input/input2
[    2.632180] rtc_cmos rtc_cmos: alarms up to one day, 114 bytes nvram
[    2.636180] i2c /dev entries driver
[    2.639139] device-mapper: uevent: version 1.0.3
[    2.642948] device-mapper: ioctl: 4.34.0-ioctl (2015-10-28) initialised: dm-devel@redhat.com
[    2.649053] ledtrig-cpu: registered to indicate activity on CPUs
[    2.657910] NET: Registered protocol family 10
[    2.661634] NET: Registered protocol family 17
[    2.664927] Key type dns_resolver registered
[    2.669246] registered taskstats version 1
[    2.672035] Loading compiled-in X.509 certificates
[    2.676949] Loaded X.509 cert 'Build time autogenerated kernel key: cf00e047681d67edb2720680708b7d9498083038'
[    2.683044] zswap: loaded using pool lzo/zbud
[    2.700548] Key type trusted registered
[    2.746868] Key type encrypted registered
[    2.749658] AppArmor: AppArmor sha1 policy hashing enabled
[    2.753038] ima: No TPM chip found, activating TPM-bypass!
[    2.756868] ima: Allocated hash algorithm: sha1
[    2.808327] evm: HMAC attrs: 0x1
[    2.811777]   Magic number: 5:375:558
[    2.814745] tty ttyS30: hash matches
[    2.817561] misc vga_arbiter: hash matches
[    2.820530] rtc_cmos rtc_cmos: setting system clock to 2021-09-03 01:35:06 UTC (1630632906)
[    2.826917] BIOS EDD facility v0.16 2004-Jun-25, 0 devices found
[    2.830797] EDD information not available.
[    2.875981] Freeing unused kernel memory: 1492K
[    2.879768] Write protecting the kernel read-only data: 14336k
[    2.886308] Freeing unused kernel memory: 1584K
[    2.890516] Freeing unused kernel memory: 52K
Loading, please wait...
starting version 229
[    2.936821] random: systemd-udevd: uninitialized urandom read (16 bytes read, 5 bits of entropy available)
[    2.941960] random: udevadm: uninitialized urandom read (16 bytes read, 5 bits of entropy available)
[    2.942004] random: udevadm: uninitialized urandom read (16 bytes read, 5 bits of entropy available)
[    2.984489] random: udevadm: uninitialized urandom read (16 bytes read, 5 bits of entropy available)
[    2.984614] random: udevadm: uninitialized urandom read (16 bytes read, 5 bits of entropy available)
[    2.985035] random: udevadm: uninitialized urandom read (16 bytes read, 5 bits of entropy available)
[    2.996129] random: udevadm: uninitialized urandom read (16 bytes read, 5 bits of entropy available)
[    2.996331] random: udevadm: uninitialized urandom read (16 bytes read, 5 bits of entropy available)
[    2.996490] random: udevadm: uninitialized urandom read (16 bytes read, 5 bits of entropy available)
[    2.996635] random: udevadm: uninitialized urandom read (16 bytes read, 5 bits of entropy available)
[    3.235217] Fusion MPT base driver 3.04.20
[    3.243807] Copyright (c) 1999-2008 LSI Corporation
[    3.256312] e1000: Intel(R) PRO/1000 Network Driver - version 7.3.21-k8-NAPI
[    3.264695] e1000: Copyright (c) 1999-2006 Intel Corporation.
[    3.466343] AVX2 version of gcm_enc/dec engaged.
[    3.471901] AES CTR mode by8 optimization enabled
[    3.494501] Fusion MPT SPI Host driver 3.04.20
[    3.664643] input: ImExPS/2 Generic Explorer Mouse as /devices/platform/i8042/serio1/input/input4
[    4.277126] e1000 0000:00:03.0 eth0: (PCI:33MHz:32-bit) 02:ed:98:3c:8e:82
[    4.280611] e1000 0000:00:03.0 eth0: Intel(R) PRO/1000 Network Connection
[    4.286902] mptbase: ioc0: Initiating bringup
[    4.291950] e1000 0000:00:03.0 enp0s3: renamed from eth0
[    4.353088] ioc0: LSI53C1030 A0: Capabilities={Initiator}
[    4.538413] scsi host2: ioc0: LSI53C1030 A0, FwRev=00000000h, Ports=1, MaxQ=256, IRQ=20
[    4.667407] scsi 2:0:0:0: Direct-Access     VBOX     HARDDISK         1.0  PQ: 0 ANSI: 5
[    4.671774] scsi target2:0:0: Beginning Domain Validation
[    4.714567] scsi target2:0:0: Domain Validation skipping write tests
[    4.717479] scsi target2:0:0: Ending Domain Validation
[    4.720186] scsi target2:0:0: asynchronous
[    4.722977] scsi 2:0:1:0: Direct-Access     VBOX     HARDDISK         1.0  PQ: 0 ANSI: 5
[    4.727915] scsi target2:0:1: Beginning Domain Validation
[    4.732584] scsi target2:0:1: Domain Validation skipping write tests
[    4.735497] scsi target2:0:1: Ending Domain Validation
[    4.738010] scsi target2:0:1: asynchronous
[    4.748324] sd 2:0:0:0: Attached scsi generic sg0 type 0
[    4.748592] sd 2:0:0:0: [sda] 83886080 512-byte logical blocks: (42.9 GB/40.0 GiB)
[    4.748910] sd 2:0:0:0: [sda] Write Protect is off
[    4.749110] sd 2:0:0:0: [sda] Incomplete mode parameter data
[    4.749114] sd 2:0:0:0: [sda] Assuming drive cache: write through
[    4.750810]  sda: sda1
[    4.751968] sd 2:0:0:0: [sda] Attached SCSI disk
[    4.769201] sd 2:0:1:0: Attached scsi generic sg1 type 0
[    4.769521] sd 2:0:1:0: [sdb] 20480 512-byte logical blocks: (10.5 MB/10.0 MiB)
[    4.769769] sd 2:0:1:0: [sdb] Write Protect is off
[    4.769937] sd 2:0:1:0: [sdb] Incomplete mode parameter data
[    4.769941] sd 2:0:1:0: [sdb] Assuming drive cache: write through
[    4.773108] sd 2:0:1:0: [sdb] Attached SCSI disk
Begin: Loading essential drivers ... [    6.924014] md: linear personality registered for level -1
[    6.931142] md: multipath personality registered for level -4
[    6.946351] md: raid0 personality registered for level 0
[    6.955694] md: raid1 personality registered for level 1
[    7.038678] raid6: sse2x1   gen()  1851 MB/s
[    7.106685] raid6: sse2x1   xor()  1356 MB/s
[    7.174664] raid6: sse2x2   gen()  4025 MB/s
[    7.242654] raid6: sse2x2   xor()  2777 MB/s
[    7.310696] raid6: sse2x4   gen()  5411 MB/s
[    7.378602] raid6: sse2x4   xor()  3613 MB/s
[    7.446671] raid6: avx2x1   gen()  4743 MB/s
[    7.514671] raid6: avx2x2   gen()  6913 MB/s
[    7.582643] raid6: avx2x4   gen() 10085 MB/s
[    7.584796] raid6: using algorithm avx2x4 gen() 10085 MB/s
[    7.587291] raid6: using avx2x2 recovery algorithm
[    7.591432] xor: automatically using best checksumming function:
[    7.630621]    avx       : 14290.000 MB/sec
[    7.634786] async_tx: api initialized (async)
[    7.654736] md: raid6 personality registered for level 6
[    7.657750] md: raid5 personality registered for level 5
[    7.660275] md: raid4 personality registered for level 4
[    7.673930] md: raid10 personality registered for level 10
done.
Begin: Running /scripts/init-premount ... done.
Begin: Mounting root file system ... Begin: Running /scripts/local-top ... done.
Begin: Running /scripts/local-premount ... [    7.744580] Btrfs loaded
Scanning for Btrfs filesystems
done.
Warning: fsck not present, so skipping root file system
[    7.785451] EXT4-fs (sda1): INFO: recovery required on readonly filesystem
[    7.788661] EXT4-fs (sda1): write access will be enabled during recovery
[    8.066584] EXT4-fs (sda1): recovery complete
[    8.069820] EXT4-fs (sda1): mounted filesystem with ordered data mode. Opts: (null)
done.
Begin: Running /scripts/local-bottom ... done.
Begin: Running /scripts/init-bottom ... done.
[    8.254909] random: nonblocking pool is initialized
[    8.266999] systemd[1]: systemd 229 running in system mode. (+PAM +AUDIT +SELINUX +IMA +APPARMOR +SMACK +SYSVINIT +UTMP +LIBCRYPTSETUP +GCRYPT +GNUTLS +ACL +XZ -LZ4 +SECCOMP +BLKID +ELFUTILS +KMOD -IDN)
[    8.282181] systemd[1]: Detected virtualization oracle.
[    8.285841] systemd[1]: Detected architecture x86-64.

Welcome to [1mUbuntu 16.04.7 LTS[0m!

[    8.291750] systemd[1]: Set hostname to <ubuntu-xenial>.
[    8.549438] systemd[1]: Started Trigger resolvconf update for networkd DNS.
[[0;32m  OK  [0m] Started Trigger resolvconf update for networkd DNS.
[    8.559553] systemd[1]: Listening on udev Control Socket.
[[0;32m  OK  [0m] Listening on udev Control Socket.
[    8.566125] systemd[1]: Listening on fsck to fsckd communication Socket.
[[0;32m  OK  [0m] Listening on fsck to fsckd communication Socket.
[    8.572892] systemd[1]: Listening on LVM2 poll daemon socket.
[[0;32m  OK  [0m] Listening on LVM2 poll daemon socket.
[    8.582904] systemd[1]: Reached target System Time Synchronized.
[[0;32m  OK  [0m] Reached target System Time Synchronized.
[    8.588958] systemd[1]: Listening on Journal Socket (/dev/log).
[[0;32m  OK  [0m] Listening on Journal Socket (/dev/log).
[    8.595159] systemd[1]: Reached target Encrypted Volumes.
[[0;32m  OK  [0m] Reached target Encrypted Volumes.
[    8.601475] systemd[1]: Set up automount Arbitrary Executable File Formats File System Automount Point.
[[0;32m  OK  [0m] Set up automount Arbitrary Executab...ats File System Automount Point.
[    8.611793] systemd[1]: Listening on Journal Audit Socket.
[[0;32m  OK  [0m] Listening on Journal Audit Socket.
[    8.617631] systemd[1]: Listening on LVM2 metadata daemon socket.
[[0;32m  OK  [0m] Listening on LVM2 metadata daemon socket.
[    8.623992] systemd[1]: Listening on udev Kernel Socket.
[[0;32m  OK  [0m] Listening on udev Kernel Socket.
[    8.629764] systemd[1]: Listening on Journal Socket.
[[0;32m  OK  [0m] Listening on Journal Socket.
[    8.634966] systemd[1]: Reached target User and Group Name Lookups.
[[0;32m  OK  [0m] Reached target User and Group Name Lookups.
[    8.641030] systemd[1]: Listening on Syslog Socket.
[[0;32m  OK  [0m] Listening on Syslog Socket.
[    8.646327] systemd[1]: Created slice System Slice.
[[0;32m  OK  [0m] Created slice System Slice.
[    8.652201] systemd[1]: Created slice system-postgresql.slice.
[[0;32m  OK  [0m] Created slice system-postgresql.slice.
[    8.675576] systemd[1]: Mounting Huge Pages File System...
         Mounting Huge Pages File System...
[    8.696330] systemd[1]: Mounting Debug File System...
         Mounting Debug File System...
[    8.702662] systemd[1]: Starting Nameserver information manager...
         Starting Nameserver information manager...
[    8.710818] systemd[1]: Starting Create list of required static device nodes for the current kernel...
         Starting Create list of required st... nodes for the current kernel...
[    8.724997] systemd[1]: Starting Journal Service...
         Starting Journal Service...
[    8.731941] systemd[1]: Starting Uncomplicated firewall...
         Starting Uncomplicated firewall...
[    8.737533] systemd[1]: Reached target Swap.
[[0;32m  OK  [0m] Reached target Swap.
[    8.742572] systemd[1]: Created slice system-serial\x2dgetty.slice.
[[0;32m  OK  [0m] Created slice system-serial\x2dgetty.slice.
[    8.764307] systemd[1]: Mounting POSIX Message Queue File System...
         Mounting POSIX Message Queue File System...
[    8.773104] systemd[1]: Listening on /dev/initctl Compatibility Named Pipe.
[[0;32m  OK  [0m] Listening on /dev/initctl Compatibility Named Pipe.
[    8.781220] systemd[1]: Starting Set console keymap...
         Starting Set console keymap...
[    8.787215] systemd[1]: Started Forward Password Requests to Wall Directory Watch.
[[0;32m  OK  [0m] Started Forward Password Requests to Wall Directory Watch.
[    8.797901] systemd[1]: Starting Load Kernel Modules...
         Starting Load Kernel Modules...
[    8.804213] systemd[1]: Created slice User and Session Slice.
[[0;32m  OK  [0m] Created slice User and Session Slice.
[    8.810881] systemd[1]: Reached target Slices.
[[0;32m  OK  [0m] Reached target Slices.
[    8.814737] systemd[1]: Listening on Device-mapper event daemon FIFOs.
[    8.819038] Loading iSCSI transport class v2.0-870.
[[0;32m  OK  [0m] Listening on Device-mapper event daemon FIFOs.
[    8.846802] systemd[1]: Starting Monitoring of LVM2 mirrors, snapshots etc. using dmeventd or progress polling...
[    8.853730] iscsi: registered transport (tcp)
         Starting Monitoring of LVM2 mirrors... dmeventd or progress polling...
[    8.861394] systemd[1]: Starting File System Check on Root Device...
         Starting File System Check on Root Device...
[    8.870937] systemd[1]: Mounted POSIX Message Queue File System.
[[0;32m  OK  [[    8.890818] systemd[1]: Mounted Debug File System.
0m] Mounted POSIX Message Queue File System.
[[0;32m  OK  [0m] Mounted Debug File System.
[    8.903792] systemd[1]: Mounted Huge Pages File System.
[[0;32m  OK  [0m] Mounted Huge Pages File System.
[    8.909254] systemd[1]: Started Journal Service.
[[0;32m  OK  [0m] Started Journal Service.
[[0;32m  OK  [0m] Started Create list of required sta...ce nodes for the current kernel.
[[0;32m  OK  [0m] Started Uncomplicated firewall.
[[0;32m  OK  [0m] Started LVM2 metadata daemon.
[[0;32m  OK  [0m] Started File System Check Daemon to report status.
         Starting Create Static Device Nodes in /dev...
[[0;32m  OK  [0m] Started Nameserver information manager.
[[0;32m  OK  [0m] Started File System Check on Root Device.
[[0;32m  OK  [0m] Started Create Static Device Nodes in /dev.
         Starting udev Kernel Device Manager...
         Starting Remount Root and Kernel File Systems...
[    9.019995] iscsi: registered transport (iser)
[[0;32m  OK  [0m] Started Load Kernel Modules.
         Starting Apply Kernel Variables...
         Mounting FUSE Control File System...
[[0;32m  OK  [0m] Mounted FUSE Control File System.
[[0;32m  OK  [0m] Started Apply Kernel Variables.
[[0;32m  OK  [0m] Started Remount Root and Kernel File Systems.
         Starting Load/Save Random Seed...
         Starting Flush Journal to Persistent Storage...
         Starting udev Coldplug all Devices...
[[0;32m  OK  [0m] Started udev Kernel Device Manager.
[[0;32m  OK  [0m] Started Load/Save Random Seed.
[[0;32m  OK  [0m] Started Flush Journal to Persistent Storage.
[[0;32m  OK  [0m] Started Monitoring of LVM2 mirrors,...ng dmeventd or progress polling.
[[0;32m  OK  [0m] Started Set console keymap.
[[0;32m  OK  [0m] Reached target Local File Systems (Pre).
[[0;32m  OK  [0m] Reached target Local File Systems.
         Starting Initial cloud-init job (pre-networking)...
         Starting Create Volatile Files and Directories...
         Starting LSB: AppArmor initialization...
         Starting Tell Plymouth To Write Out Runtime Data...
         Starting Set console font and keymap...
[[0;32m  OK  [0m] Started Tell Plymouth To Write Out Runtime Data.
[[0;32m  OK  [0m] Started Create Volatile Files and Directories.
         Starting Update UTMP about System Boot/Shutdown...
[[0;32m  OK  [0m] Started Update UTMP about System Boot/Shutdown.
[[0;32m  OK  [0m] Started udev Coldplug all Devices.
[[0;32m  OK  [0m] Started Dispatch Password Requests to Console Directory Watch.
[[0;32m  OK  [0m] Started LSB: AppArmor initialization.
         Starting Load AppArmor profiles managed internally by snapd...
[[0;32m  OK  [0m] Started Load AppArmor profiles managed internally by snapd.
[[0;32m  OK  [0m] Found device /dev/ttyS0.
[[0;32m  OK  [0m] Listening on Load/Save RF Kill Switch Status /dev/rfkill Watch.
[   11.320142] cloud-init[498]: Cloud-init v. 21.1-19-gbad84ad4-0ubuntu1~16.04.2 running 'init-local' at Fri, 03 Sep 2021 01:35:15 +0000. Up 10.74 seconds.
[[0;32m  OK  [0m] Started Initial cloud-init job (pre-networking).
[[0;32m  OK  [0m] Reached target Network (Pre).
[[0;32m  OK  [0m] Started ifup for enp0s3.
         Starting Raise network interfaces...
[[0;32m  OK  [0m] Started Set console font and keymap.
[[0;32m  OK  [0m] Created slice system-getty.slice.
[[0;32m  OK  [0m] Started Raise network interfaces.
         Starting Initial cloud-init job (metadata service crawler)...
[[0;32m  OK  [0m] Reached target Network.
[   13.979547] cloud-init[996]: Cloud-init v. 21.1-19-gbad84ad4-0ubuntu1~16.04.2 running 'init' at Fri, 03 Sep 2021 01:35:17 +0000. Up 13.40 seconds.
[   13.982981] cloud-init[996]: ci-info: ++++++++++++++++++++++++++++++++++++++Net device info++++++++++++++++++++++++++++++++++++++
[   13.988449] cloud-init[996]: ci-info: +--------+------+----------------------------+---------------+--------+-------------------+
[   13.992433] cloud-init[996]: ci-info: | Device |  Up  |          Address           |      Mask     | Scope  |     Hw-Address    |
[   14.000489] cloud-init[996]: ci-info: +--------+------+----------------------------+---------------+--------+-------------------+
[   14.004385] cloud-init[996]: ci-info: | enp0s3 | True |         10.0.2.15          | 255.255.255.0 | global | 02:ed:98:3c:8e:82 |
[   14.013277] cloud-init[996]: ci-info: | enp0s3 | True | fe80::ed:98ff:fe3c:8e82/64 |       .       |  link  | 02:ed:98:3c:8e:82 |
[   14.016372] cloud-init[996]: ci-info: |   lo   | True |         127.0.0.1          |   255.0.0.0   |  host  |         .         |
[   14.020481] cloud-init[996]: ci-info: |   lo   | True |          ::1/128           |       .       |  host  |         .         |
[   14.028718] cloud-init[996]: ci-info: +--------+------+----------------------------+---------------+--------+-------------------+
[   14.036722] cloud-init[996]: ci-info: +++++++++++++++++++++++++++Route IPv4 info++++++++++++++++++++++++++++
[   14.044686] cloud-init[996]: ci-info: +-------+-------------+----------+---------------+-----------+-------+
[   14.052708] cloud-init[996]: ci-info: | Route | Destination | Gateway  |    Genmask    | Interface | Flags |
[   14.055831] cloud-init[996]: ci-info: +-------+-------------+----------+---------------+-----------+-------+
[   14.064762] cloud-init[996]: ci-info: |   0   |   0.0.0.0   | 10.0.2.2 |    0.0.0.0    |   enp0s3  |   UG  |
[   14.067792] cloud-init[996]: ci-info: |   1   |   10.0.2.0  | 0.0.0.0  | 255.255.255.0 |   enp0s3  |   U   |
[   14.070872] cloud-init[996]: ci-info: +-------+-------------+----------+---------------+-----------+-------+
[   14.076701] cloud-init[996]: ci-info: +++++++++++++++++++Route IPv6 info+++++++++++++++++++
[   14.079274] cloud-init[996]: ci-info: +-------+-------------+---------+-----------+-------+
[   14.081995] cloud-init[996]: ci-info: | Route | Destination | Gateway | Interface | Flags |
[   14.084779] cloud-init[996]: ci-info: +-------+-------------+---------+-----------+-------+
[   14.087521] cloud-init[996]: ci-info: |   0   |  fe80::/64  |    ::   |   enp0s3  |   U   |
[   14.092650] cloud-init[996]: ci-info: |   3   |   ff00::/8  |    ::   |   enp0s3  |   U   |
[   14.095284] cloud-init[996]: ci-info: +-------+-------------+---------+-----------+-------+
[[0;32m  OK  [0m] Started Initial cloud-init job (metadata service crawler).
[[0;32m  OK  [0m] Reached target Cloud-config availability.
[[0;32m  OK  [0m] Reached target System Initialization.
[[0;32m  OK  [0m] Started Ubuntu Advantage update messaging.
[[0;32m  OK  [0m] Listening on UUID daemon activation socket.
[[0;32m  OK  [0m] Listening on ACPID Listen Socket.
[[0;32m  OK  [0m] Listening on D-Bus System Message Bus Socket.
[[0;32m  OK  [0m] Started Daily Cleanup of Temporary Directories.
[[0;32m  OK  [0m] Started Daily apt download activities.
[[0;32m  OK  [0m] Started Daily apt upgrade and clean activities.
[[0;32m  OK  [0m] Started ACPI Events Check.
[[0;32m  OK  [0m] Reached target Paths.
         Starting Socket activation for snappy daemon.
         Starting LXD - unix socket.
[[0;32m  OK  [0m] Started Message of the Day.
[[0;32m  OK  [0m] Reached target Timers.
[[0;32m  OK  [0m] Reached target Network is Online.
         Starting iSCSI initiator daemon (iscsid)...
[[0;32m  OK  [0m] Listening on Socket activation for snappy daemon.
[[0;32m  OK  [0m] Listening on LXD - unix socket.
[[0;32m  OK  [0m] Reached target Sockets.
[[0;32m  OK  [0m] Reached target Basic System.
         Starting LSB: Record successful boot for GRUB...
         Starting PostgreSQL Cluster 9.5-main...
         Starting Message of the Day...
         Starting Login Service...
         Starting /etc/rc.local Compatibility...
         Starting Ubuntu Advantage APT and MOTD Messages...
         Starting LXD - container startup/shutdown...
[[0;32m  OK  [0m] Started FUSE filesystem for LXC.
[[0;32m  OK  [0m] Started Deferred execution scheduler.
[[0;32m  OK  [0m] Started ACPI event daemon.
         Starting LSB: MD monitoring daemon...
[[0;32m  OK  [0m] Started Regular background program processing daemon.
[[0;32m  OK  [0m] Started D-Bus System Message Bus.
         Starting Accounts Service...
         Starting System Logging Service...
         Starting Virtualbox guest utils...
         Starting OpenBSD Secure Shell server...
         Starting Snap Daemon...
[[0;32m  OK  [0m] Started Message of the Day.
[[0;32m  OK  [0m] Started /etc/rc.local Compatibility.
[[0;32m  OK  [0m] Started iSCSI initiator daemon (iscsid).
         Starting Login to default iSCSI targets...
[[0;32m  OK  [0m] Started Login Service.
[[0;32m  OK  [0m] Started LXD - container startup/shutdown.
[[0;32m  OK  [0m] Started LSB: Record successful boot for GRUB.
[[0;32m  OK  [0m] Started LSB: MD monitoring daemon.
[[0;32m  OK  [0m] Started System Logging Service.
[[0;32m  OK  [0m] Started Unattended Upgrades Shutdown.
[[0;32m  OK  [0m] Started Login to default iSCSI targets.
[[0;32m  OK  [0m] Reached target Remote File Systems (Pre).
         Mounting /vagrant...
         Mounting /home/vagrant/workspace...
         Starting Authenticate and Authorize Users to Run Privileged Tasks...
[[0;1;31mFAILED[0m] Failed to mount /vagrant.
See 'systemctl status vagrant.mount' for details.
[[0;1;33mDEPEND[0m] Dependency failed for Remote File Systems.
[[0;1;31mFAILED[0m] Failed to mount /home/vagrant/workspace.
See 'systemctl status home-vagrant-workspace.mount' for details.
         Starting LSB: Start/stop sysstat's sadc...
         Starting LSB: Set the CPU Frequency Scaling governor to "ondemand"...
         Starting LSB: daemon to balance interrupts for SMP systems...
         Starting Permit User Sessions...
         Starting LSB: automatic crash report generation...
[[0;32m  OK  [0m] Started OpenBSD Secure Shell server.
[[0;32m  OK  [0m] Started Permit User Sessions.
         Starting Terminate Plymouth Boot Screen...
         Starting Hold until boot process finishes up...
[[0;32m  OK  [0m] Started Hold until boot process finishes up.
[[0;32m  OK  [0m] Started Terminate Plymouth Boot Screen.
[[0;32m  OK  [0m] Started Authenticate and Authorize Users to Run Privileged Tasks.
[[0;32m  OK  [0m] Started Accounts Service.
[[0;32m  OK  [0m] Started Serial Getty on ttyS0.
[[0;32m  OK  [0m] Started Getty on tty1.
[[0;32m  OK  [0m] Reached target Login Prompts.
         Starting Set console scheme...
[[0;32m  OK  [0m] Started LSB: Start/stop sysstat's sadc.
[[0;32m  OK  [0m] Started LSB: Set the CPU Frequency Scaling governor to "ondemand".
[[0;32m  OK  [0m] Started Set console scheme.
[[0;32m  OK  [0m] Started LSB: daemon to balance interrupts for SMP systems.
[[0;32m  OK  [0m] Started Virtualbox guest utils.
[[0;32m  OK  [0m] Started LSB: automatic crash report generation.
[[0;32m  OK  [0m] Started Snap Daemon.
         Starting Wait until snapd is fully seeded...
[[0;32m  OK  [0m] Started Wait until snapd is fully seeded.
         Starting Apply the settings specified in cloud-config...
[[0;32m  OK  [0m] Started Ubuntu Advantage APT and MOTD Messages.
[   17.378359] cloud-init[1292]: Cloud-init v. 21.1-19-gbad84ad4-0ubuntu1~16.04.2 running 'modules:config' at Fri, 03 Sep 2021 01:35:21 +0000. Up 17.11 seconds.
[[0;32m  OK  [0m] Started Apply the settings specified in cloud-config.
[[0;32m  OK  [0m] Created slice User Slice of vagrant.
         Starting User Manager for UID 1000...
[[0;32m  OK  [0m] Started Session 1 of user vagrant.
[[0;32m  OK  [0m] Started User Manager for UID 1000.
[[0;32m  OK  [0m] Started PostgreSQL Cluster 9.5-main.
         Starting PostgreSQL RDBMS...
[[0;32m  OK  [0m] Started PostgreSQL RDBMS.
[[0;32m  OK  [0m] Reached target Multi-User System.
         Starting Execute cloud user/final scripts...
[[0;32m  OK  [0m] Reached target Graphical Interface.
         Starting Update UTMP about System Runlevel Changes...
[[0;32m  OK  [0m] Started Update UTMP about System Runlevel Changes.
[   20.391124] cloud-init[1401]: Cloud-init v. 21.1-19-gbad84ad4-0ubuntu1~16.04.2 running 'modules:final' at Fri, 03 Sep 2021 01:35:24 +0000. Up 20.04 seconds.
[   20.391485] cloud-init[1401]: Cloud-init v. 21.1-19-gbad84ad4-0ubuntu1~16.04.2 finished at Fri, 03 Sep 2021 01:35:24 +0000. Datasource DataSourceNoCloud [seed=/dev/sdb][dsmode=net].  Up 20.37 seconds

Ubuntu 16.04.7 LTS ubuntu-xenial ttyS0

ubuntu-xenial login: 